[    0.000000] Linux version 4.15.0-142-generic (buildd@lgw01-amd64-036) (gcc version 7.5.0 (Ubuntu 7.5.0-3ubuntu1~18.04)) #146-Ubuntu SMP Tue Apr 13 01:11:19 UTC 2021 (Ubuntu 4.15.0-142.146-generic 4.15.18)
[    0.000000] Command line: BOOT_IMAGE=/boot/vmlinuz-4.15.0-142-generic root=LABEL=cloudimg-rootfs ro console=tty1 console=ttyS0
[    0.000000] KERNEL supported cpus:
[    0.000000]   Intel GenuineIntel
[    0.000000]   AMD AuthenticAMD
[    0.000000]   Centaur CentaurHauls
[    0.000000] x86/fpu: x87 FPU will use FXSAVE
[    0.000000] e820: BIOS-provided physical RAM map:
[    0.000000] BIOS-e820: [mem 0x0000000000000000-0x000000000009fbff] usable
[    0.000000] BIOS-e820: [mem 0x000000000009fc00-0x000000000009ffff] reserved
[    0.000000] BIOS-e820: [mem 0x00000000000f0000-0x00000000000fffff] reserved
[    0.000000] BIOS-e820: [mem 0x0000000000100000-0x000000003ffeffff] usable
[    0.000000] BIOS-e820: [mem 0x000000003fff0000-0x000000003fffffff] ACPI data
[    0.000000] BIOS-e820: [mem 0x00000000fec00000-0x00000000fec00fff] reserved
[    0.000000] BIOS-e820: [mem 0x00000000fee00000-0x00000000fee00fff] reserved
[    0.000000] BIOS-e820: [mem 0x00000000fffc0000-0x00000000ffffffff] reserved
[    0.000000] NX (Execute Disable) protection: active
[    0.000000] SMBIOS 2.5 present.
[    0.000000] DMI: innotek GmbH VirtualBox/VirtualBox, BIOS VirtualBox 12/01/2006
[    0.000000] Hypervisor detected: KVM
[    0.000000] e820: last_pfn = 0x3fff0 max_arch_pfn = 0x400000000
[    0.000000] MTRR: Disabled
[    0.000000] x86/PAT: MTRRs disabled, skipping PAT initialization too.
[    0.000000] CPU MTRRs all blank - virtualized system.
[    0.000000] x86/PAT: Configuration [0-7]: WB  WT  UC- UC  WB  WT  UC- UC  
[    0.000000] found SMP MP-table at [mem 0x0009fff0-0x0009ffff]
[    0.000000] Scanning 1 areas for low memory corruption
[    0.000000] RAMDISK: [mem 0x359cf000-0x36cdefff]
[    0.000000] ACPI: Early table checksum verification disabled
[    0.000000] ACPI: RSDP 0x00000000000E0000 000024 (v02 VBOX  )
[    0.000000] ACPI: XSDT 0x000000003FFF0030 00003C (v01 VBOX   VBOXXSDT 00000001 ASL  00000061)
[    0.000000] ACPI: FACP 0x000000003FFF00F0 0000F4 (v04 VBOX   VBOXFACP 00000001 ASL  00000061)
[    0.000000] ACPI: DSDT 0x000000003FFF0470 002325 (v02 VBOX   VBOXBIOS 00000002 INTL 20100528)
[    0.000000] ACPI: FACS 0x000000003FFF0200 000040
[    0.000000] ACPI: FACS 0x000000003FFF0200 000040
[    0.000000] ACPI: APIC 0x000000003FFF0240 00005C (v02 VBOX   VBOXAPIC 00000001 ASL  00000061)
[    0.000000] ACPI: SSDT 0x000000003FFF02A0 0001CC (v01 VBOX   VBOXCPUT 00000002 INTL 20100528)
[    0.000000] No NUMA configuration found
[    0.000000] Faking a node at [mem 0x0000000000000000-0x000000003ffeffff]
[    0.000000] NODE_DATA(0) allocated [mem 0x3ffc5000-0x3ffeffff]
[    0.000000] kvm-clock: cpu 0, msr 0:3ff44001, primary cpu clock
[    0.000000] kvm-clock: Using msrs 4b564d01 and 4b564d00
[    0.000000] kvm-clock: using sched offset of 7218721929 cycles
[    0.000000] clocksource: kvm-clock: mask: 0xffffffffffffffff max_cycles: 0x1cd42e4dffb, max_idle_ns: 881590591483 ns
[    0.000000] Zone ranges:
[    0.000000]   DMA      [mem 0x0000000000001000-0x0000000000ffffff]
[    0.000000]   DMA32    [mem 0x0000000001000000-0x000000003ffeffff]
[    0.000000]   Normal   empty
[    0.000000]   Device   empty
[    0.000000] Movable zone start for each node
[    0.000000] Early memory node ranges
[    0.000000]   node   0: [mem 0x0000000000001000-0x000000000009efff]
[    0.000000]   node   0: [mem 0x0000000000100000-0x000000003ffeffff]
[    0.000000] Reserved but unavailable: 98 pages
[    0.000000] Initmem setup node 0 [mem 0x0000000000001000-0x000000003ffeffff]
[    0.000000] ACPI: PM-Timer IO Port: 0x4008
[    0.000000] IOAPIC[0]: apic_id 2, version 32, address 0xfec00000, GSI 0-23
[    0.000000] ACPI: INT_SRC_OVR (bus 0 bus_irq 0 global_irq 2 dfl dfl)
[    0.000000] ACPI: INT_SRC_OVR (bus 0 bus_irq 9 global_irq 9 low level)
[    0.000000] Using ACPI (MADT) for SMP configuration information
[    0.000000] smpboot: Allowing 2 CPUs, 0 hotplug CPUs
[    0.000000] PM: Registered nosave memory: [mem 0x00000000-0x00000fff]
[    0.000000] PM: Registered nosave memory: [mem 0x0009f000-0x0009ffff]
[    0.000000] PM: Registered nosave memory: [mem 0x000a0000-0x000effff]
[    0.000000] PM: Registered nosave memory: [mem 0x000f0000-0x000fffff]
[    0.000000] e820: [mem 0x40000000-0xfebfffff] available for PCI devices
[    0.000000] Booting paravirtualized kernel on KVM
[    0.000000] clocksource: refined-jiffies: mask: 0xffffffff max_cycles: 0xffffffff, max_idle_ns: 7645519600211568 ns
[    0.000000] random: get_random_bytes called from start_kernel+0x99/0x500 with crng_init=0
[    0.000000] setup_percpu: NR_CPUS:8192 nr_cpumask_bits:2 nr_cpu_ids:2 nr_node_ids:1
[    0.000000] percpu: Embedded 45 pages/cpu s147456 r8192 d28672 u1048576
[    0.000000] PV qspinlock hash table entries: 256 (order: 0, 4096 bytes)
[    0.000000] Built 1 zonelists, mobility grouping on.  Total pages: 257913
[    0.000000] Policy zone: DMA32
[    0.000000] Kernel command line: BOOT_IMAGE=/boot/vmlinuz-4.15.0-142-generic root=LABEL=cloudimg-rootfs ro console=tty1 console=ttyS0
[    0.000000] Memory: 982720K/1048120K available (12300K kernel code, 2483K rwdata, 4316K rodata, 2444K init, 2724K bss, 65400K reserved, 0K cma-reserved)
[    0.000000] SLUB: HWalign=64, Order=0-3, MinObjects=0, CPUs=2, Nodes=1
[    0.000000] Kernel/User page tables isolation: enabled
[    0.000000] ftrace: allocating 39434 entries in 155 pages
[    0.004000] Hierarchical RCU implementation.
[    0.004000] 	RCU restricting CPUs from NR_CPUS=8192 to nr_cpu_ids=2.
[    0.004000] 	Tasks RCU enabled.
[    0.004000] RCU: Adjusting geometry for rcu_fanout_leaf=16, nr_cpu_ids=2
[    0.004000] NR_IRQS: 524544, nr_irqs: 440, preallocated irqs: 16
[    0.004000] Console: colour VGA+ 80x25
[    0.004000] console [tty1] enabled
[    0.004000] console [ttyS0] enabled
[    0.004000] ACPI: Core revision 20170831
[    0.004000] ACPI: 2 ACPI AML tables successfully acquired and loaded
[    0.004000] APIC: Switch to symmetric I/O mode setup
[    0.008000] ..TIMER: vector=0x30 apic1=0 pin1=2 apic2=-1 pin2=-1
[    0.008007] tsc: Detected 2303.998 MHz processor
[    0.012016] Calibrating delay loop (skipped) preset value.. 4607.99 BogoMIPS (lpj=9215992)
[    0.016006] pid_max: default: 32768 minimum: 301
[    0.020122] Security Framework initialized
[    0.024007] Yama: becoming mindful.
[    0.028170] AppArmor: AppArmor initialized
[    0.044684] Dentry cache hash table entries: 131072 (order: 8, 1048576 bytes)
[    0.053380] Inode-cache hash table entries: 65536 (order: 7, 524288 bytes)
[    0.056143] Mount-cache hash table entries: 2048 (order: 2, 16384 bytes)
[    0.060138] Mountpoint-cache hash table entries: 2048 (order: 2, 16384 bytes)
[    0.070864] Last level iTLB entries: 4KB 64, 2MB 8, 4MB 8
[    0.072008] Last level dTLB entries: 4KB 64, 2MB 0, 4MB 0, 1GB 4
[    0.076007] Spectre V1 : Mitigation: usercopy/swapgs barriers and __user pointer sanitization
[    0.080012] Spectre V2 : Mitigation: Full generic retpoline
[    0.084008] Spectre V2 : Spectre v2 / SpectreRSB mitigation: Filling RSB on context switch
[    0.088005] Speculative Store Bypass: Vulnerable
[    0.092092] MDS: Mitigation: Clear CPU buffers
[    0.096276] Freeing SMP alternatives memory: 36K
[    0.215085] smpboot: CPU0: Intel(R) Core(TM) i3-7020U CPU @ 2.30GHz (family: 0x6, model: 0x8e, stepping: 0x9)
[    0.216780] Performance Events: unsupported p6 CPU model 142 no PMU driver, software events only.
[    0.220195] Hierarchical SRCU implementation.
[    0.225544] NMI watchdog: Perf event create on CPU 0 failed with -2
[    0.228153] NMI watchdog: Perf NMI watchdog permanently disabled
[    0.232638] smp: Bringing up secondary CPUs ...
[    0.240200] x86: Booting SMP configuration:
[    0.244007] .... node  #0, CPUs:      #1
[    0.004000] kvm-clock: cpu 1, msr 0:3ff44041, secondary cpu clock
[    0.260000] TSC synchronization [CPU#0 -> CPU#1]:
[    0.260000] Measured 113745 cycles TSC warp between CPUs, turning off TSC clock.
[    0.260000] tsc: Marking TSC unstable due to check_tsc_sync_source failed
[    0.268458] smp: Brought up 1 node, 2 CPUs
[    0.272011] smpboot: Max logical packages: 1
[    0.276009] smpboot: Total of 2 processors activated (9215.99 BogoMIPS)
[    0.288008] devtmpfs: initialized
[    0.292192] x86/mm: Memory block size: 128MB
[    0.296727] evm: security.selinux
[    0.300005] evm: security.SMACK64
[    0.304004] evm: security.SMACK64EXEC
[    0.308008] evm: security.SMACK64TRANSMUTE
[    0.312004] evm: security.SMACK64MMAP
[    0.316005] evm: security.apparmor
[    0.320004] evm: security.ima
[    0.324005] evm: security.capability
[    0.332321] clocksource: jiffies: mask: 0xffffffff max_cycles: 0xffffffff, max_idle_ns: 7645041785100000 ns
[    0.336017] futex hash table entries: 512 (order: 3, 32768 bytes)
[    0.344127] pinctrl core: initialized pinctrl subsystem
[    0.348756] RTC time: 23:29:11, date: 05/08/21
[    0.357422] NET: Registered protocol family 16
[    0.360213] audit: initializing netlink subsys (disabled)
[    0.364387] audit: type=2000 audit(1620516558.814:1): state=initialized audit_enabled=0 res=1
[    0.392246] cpuidle: using governor ladder
[    0.396018] cpuidle: using governor menu
[    0.400074] ACPI: bus type PCI registered
[    0.404010] acpiphp: ACPI Hot Plug PCI Controller Driver version: 0.5
[    0.412789] PCI: Using configuration type 1 for base access
[    0.424937] HugeTLB registered 2.00 MiB page size, pre-allocated 0 pages
[    0.440408] ACPI: Added _OSI(Module Device)
[    0.444007] ACPI: Added _OSI(Processor Device)
[    0.448006] ACPI: Added _OSI(3.0 _SCP Extensions)
[    0.452005] ACPI: Added _OSI(Processor Aggregator Device)
[    0.456009] ACPI: Added _OSI(Linux-Dell-Video)
[    0.460012] ACPI: Added _OSI(Linux-Lenovo-NV-HDMI-Audio)
[    0.464011] ACPI: Added _OSI(Linux-HPI-Hybrid-Graphics)
[    0.469617] ACPI: Executed 1 blocks of module-level executable AML code
[    0.483241] ACPI: Interpreter enabled
[    0.484030] ACPI: (supports S0 S5)
[    0.488006] ACPI: Using IOAPIC for interrupt routing
[    0.492753] PCI: Using host bridge windows from ACPI; if necessary, use "pci=nocrs" and report a bug
[    0.496517] ACPI: Enabled 2 GPEs in block 00 to 07
[    0.523034] ACPI: PCI Root Bridge [PCI0] (domain 0000 [bus 00-ff])
[    0.524019] acpi PNP0A03:00: _OSC: OS supports [ASPM ClockPM Segments MSI]
[    0.529506] acpi PNP0A03:00: _OSC: not requesting OS control; OS requires [ExtendedConfig ASPM ClockPM MSI]
[    0.532032] acpi PNP0A03:00: fail to add MMCONFIG information, can't access extended PCI configuration space under this bridge.
[    0.537592] PCI host bridge to bus 0000:00
[    0.540009] pci_bus 0000:00: root bus resource [io  0x0000-0x0cf7 window]
[    0.544011] pci_bus 0000:00: root bus resource [io  0x0d00-0xffff window]
[    0.548011] pci_bus 0000:00: root bus resource [mem 0x000a0000-0x000bffff window]
[    0.552013] pci_bus 0000:00: root bus resource [mem 0x40000000-0xfdffffff window]
[    0.556013] pci_bus 0000:00: root bus resource [bus 00-ff]
[    0.581496] pci 0000:00:01.1: legacy IDE quirk: reg 0x10: [io  0x01f0-0x01f7]
[    0.584014] pci 0000:00:01.1: legacy IDE quirk: reg 0x14: [io  0x03f6]
[    0.588017] pci 0000:00:01.1: legacy IDE quirk: reg 0x18: [io  0x0170-0x0177]
[    0.592017] pci 0000:00:01.1: legacy IDE quirk: reg 0x1c: [io  0x0376]
[    0.696080] pci 0000:00:07.0: quirk: [io  0x4000-0x403f] claimed by PIIX4 ACPI
[    0.720078] pci 0000:00:07.0: quirk: [io  0x4100-0x410f] claimed by PIIX4 SMB
[    0.769862] ACPI: PCI Interrupt Link [LNKA] (IRQs 5 9 10 *11)
[    0.796772] ACPI: PCI Interrupt Link [LNKB] (IRQs 5 9 *10 11)
[    0.820415] ACPI: PCI Interrupt Link [LNKC] (IRQs 5 *9 10 11)
[    0.840457] ACPI: PCI Interrupt Link [LNKD] (IRQs 5 9 10 *11)
[    0.865477] SCSI subsystem initialized
[    0.884370] pci 0000:00:02.0: vgaarb: setting as boot VGA device
[    0.888000] pci 0000:00:02.0: vgaarb: VGA device added: decodes=io+mem,owns=io+mem,locks=none
[    0.936012] pci 0000:00:02.0: vgaarb: bridge control possible
[    0.960006] vgaarb: loaded
[    0.972122] ACPI: bus type USB registered
[    0.988068] usbcore: registered new interface driver usbfs
[    1.008033] usbcore: registered new interface driver hub
[    1.028033] usbcore: registered new device driver usb
[    1.052152] EDAC MC: Ver: 3.0.0
[    1.072434] PCI: Using ACPI for IRQ routing
[    1.092950] NetLabel: Initializing
[    1.108008] NetLabel:  domain hash size = 128
[    1.132006] NetLabel:  protocols = UNLABELED CIPSOv4 CALIPSO
[    1.152042] NetLabel:  unlabeled traffic allowed by default
[    1.176479] clocksource: Switched to clocksource kvm-clock
[    1.287054] VFS: Disk quotas dquot_6.6.0
[    1.294738] VFS: Dquot-cache hash table entries: 512 (order 0, 4096 bytes)
[    1.307643] AppArmor: AppArmor Filesystem Enabled
[    1.316287] pnp: PnP ACPI init
[    1.325809] pnp: PnP ACPI: found 3 devices
[    1.348602] clocksource: acpi_pm: mask: 0xffffff max_cycles: 0xffffff, max_idle_ns: 2085701024 ns
[    1.363645] NET: Registered protocol family 2
[    1.373392] TCP established hash table entries: 8192 (order: 4, 65536 bytes)
[    1.386124] TCP bind hash table entries: 8192 (order: 5, 131072 bytes)
[    1.398553] TCP: Hash tables configured (established 8192 bind 8192)
[    1.410817] UDP hash table entries: 512 (order: 2, 16384 bytes)
[    1.421927] UDP-Lite hash table entries: 512 (order: 2, 16384 bytes)
[    1.433711] NET: Registered protocol family 1
[    1.442369] pci 0000:00:00.0: Limiting direct PCI/PCI transfers
[    1.453235] pci 0000:00:01.0: Activating ISA DMA hang workarounds
[    1.464025] pci 0000:00:02.0: Video device with shadowed ROM at [mem 0x000c0000-0x000dffff]
[    1.478549] Unpacking initramfs...
[    2.528175] Freeing initrd memory: 19520K
[    2.538676] clocksource: tsc: mask: 0xffffffffffffffff max_cycles: 0x2135f5e6f15, max_idle_ns: 440795231538 ns
[    2.556075] platform rtc_cmos: registered platform RTC device (no PNP device found)
[    2.569996] Scanning for low memory corruption every 60 seconds
[    2.585594] Initialise system trusted keyrings
[    2.594080] Key type blacklist registered
[    2.603294] workingset: timestamp_bits=36 max_order=18 bucket_order=0
[    2.619176] zbud: loaded
[    2.627336] squashfs: version 4.0 (2009/01/31) Phillip Lougher
[    2.640758] fuse init (API version 7.26)
[    2.685150] Key type asymmetric registered
[    2.693046] Asymmetric key parser 'x509' registered
[    2.702036] Block layer SCSI generic (bsg) driver version 0.4 loaded (major 246)
[    2.715699] io scheduler noop registered
[    2.729315] io scheduler deadline registered
[    2.737779] io scheduler cfq registered (default)
[    2.749303] ACPI: AC Adapter [AC] (on-line)
[    2.761074] input: Power Button as /devices/LNXSYSTM:00/LNXPWRBN:00/input/input0
[    2.779158] ACPI: Power Button [PWRF]
[    2.788803] input: Sleep Button as /devices/LNXSYSTM:00/LNXSLPBN:00/input/input1
[    2.806063] ACPI: Sleep Button [SLPF]
[    2.820339] Serial: 8250/16550 driver, 32 ports, IRQ sharing enabled
[    2.826282] ACPI: Battery Slot [BAT0] (battery present)
[    2.920941] 00:02: ttyS0 at I/O 0x3f8 (irq = 4, base_baud = 115200) is a 16550A
[    2.953053] Linux agpgart interface v0.103
[    2.976037] loop: module loaded
[    2.991549] scsi host0: ata_piix
[    3.003009] scsi host1: ata_piix
[    3.012011] ata1: PATA max UDMA/33 cmd 0x1f0 ctl 0x3f6 bmdma 0xd000 irq 14
[    3.028355] ata2: PATA max UDMA/33 cmd 0x170 ctl 0x376 bmdma 0xd008 irq 15
[    3.043250] libphy: Fixed MDIO Bus: probed
[    3.054438] tun: Universal TUN/TAP device driver, 1.6
[    3.066300] PPP generic driver version 2.4.2
[    3.077640] ehci_hcd: USB 2.0 'Enhanced' Host Controller (EHCI) Driver
[    3.089354] ehci-pci: EHCI PCI platform driver
[    3.097328] ehci-platform: EHCI generic platform driver
[    3.106332] ohci_hcd: USB 1.1 'Open' Host Controller (OHCI) Driver
[    3.117705] ohci-pci: OHCI PCI platform driver
[    3.126104] ohci-platform: OHCI generic platform driver
[    3.135283] uhci_hcd: USB Universal Host Controller Interface driver
[    3.146142] i8042: PNP: PS/2 Controller [PNP0303:PS2K,PNP0f03:PS2M] at 0x60,0x64 irq 1,12
[    3.165958] serio: i8042 KBD port at 0x60,0x64 irq 1
[    3.174534] serio: i8042 AUX port at 0x60,0x64 irq 12
[    3.184560] mousedev: PS/2 mouse device common for all mice
[    3.198264] input: AT Translated Set 2 keyboard as /devices/platform/i8042/serio0/input/input2
[    3.199333] rtc_cmos rtc_cmos: rtc core: registered rtc_cmos as rtc0
[    3.226945] rtc_cmos rtc_cmos: alarms up to one day, 114 bytes nvram
[    3.240729] i2c /dev entries driver
[    3.248769] device-mapper: uevent: version 1.0.3
[    3.265126] device-mapper: ioctl: 4.37.0-ioctl (2017-09-20) initialised: dm-devel@redhat.com
[    3.309229] ledtrig-cpu: registered to indicate activity on CPUs
[    3.323646] NET: Registered protocol family 10
[    3.349237] Segment Routing with IPv6
[    3.356027] NET: Registered protocol family 17
[    3.365034] Key type dns_resolver registered
[    3.374390] mce: Using 0 MCE banks
[    3.381740] RAS: Correctable Errors collector initialized.
[    3.391106] sched_clock: Marking stable (3391027364, 0)->(5179344504, -1788317140)
[    3.411615] registered taskstats version 1
[    3.420289] Loading compiled-in X.509 certificates
[    3.436406] Loaded X.509 cert 'Build time autogenerated kernel key: 028139f94c642d40642d50ab098c4e7b0aebaa81'
[    3.454242] Loaded X.509 cert 'Canonical Ltd. Live Patch Signing: 14df34d1a87cf37625abec039ef2bf521249b969'
[    3.471517] Loaded X.509 cert 'Canonical Ltd. Kernel Module Signing: 88f752e560a1e0737e31163a466ad7b70a850c19'
[    3.488661] zswap: loaded using pool lzo/zbud
[    3.518008] Key type big_key registered
[    3.525872] Key type trusted registered
[    3.541495] Key type encrypted registered
[    3.549637] AppArmor: AppArmor sha1 policy hashing enabled
[    3.560286] ima: No TPM chip found, activating TPM-bypass! (rc=-19)
[    3.571542] ima: Allocated hash algorithm: sha1
[    3.580603] evm: HMAC attrs: 0x1
[    3.588557]   Magic number: 5:960:503
[    3.596586] rtc_cmos rtc_cmos: setting system clock to 2021-05-08 23:29:14 UTC (1620516554)
[    3.611201] BIOS EDD facility v0.16 2004-Jun-25, 0 devices found
[    3.621493] EDD information not available.
[    3.635360] Freeing unused kernel image memory: 2444K
[    3.660788] Write protecting the kernel read-only data: 20480k
[    3.674162] Freeing unused kernel image memory: 2008K
[    3.687615] Freeing unused kernel image memory: 1828K
[    3.706629] x86/mm: Checked W+X mappings: passed, no W+X pages found.
[    3.718293] x86/mm: Checking user space page tables
[    3.744384] x86/mm: Checked W+X mappings: passed, no W+X pages found.
Loading, please wait...
starting version 237
[    3.947885] Fusion MPT base driver 3.04.20
[    3.956664] Copyright (c) 1999-2008 LSI Corporation
[    3.972951] e1000: Intel(R) PRO/1000 Network Driver - version 7.3.21-k8-NAPI
[    3.988350] e1000: Copyright (c) 1999-2006 Intel Corporation.
[    4.066361] Fusion MPT SPI Host driver 3.04.20
[    4.529850] input: ImExPS/2 Generic Explorer Mouse as /devices/platform/i8042/serio1/input/input4
[    5.189370] e1000 0000:00:03.0 eth0: (PCI:33MHz:32-bit) 02:d3:14:4d:d2:aa
[    5.200925] e1000 0000:00:03.0 eth0: Intel(R) PRO/1000 Network Connection
[    5.217654] mptbase: ioc0: Initiating bringup
[    5.218284] e1000 0000:00:03.0 enp0s3: renamed from eth0
[    5.334995] ioc0: LSI53C1030 A0: Capabilities={Initiator}
[    5.628808] scsi host2: ioc0: LSI53C1030 A0, FwRev=00000000h, Ports=1, MaxQ=256, IRQ=20
[    5.810506] scsi 2:0:0:0: Direct-Access     VBOX     HARDDISK         1.0  PQ: 0 ANSI: 5
[    5.861099] scsi target2:0:0: Beginning Domain Validation
[    5.886770] scsi target2:0:0: Domain Validation skipping write tests
[    5.897750] scsi target2:0:0: Ending Domain Validation
[    5.907416] scsi target2:0:0: asynchronous
[    5.917765] random: fast init done
[    5.925559] scsi 2:0:1:0: Direct-Access     VBOX     HARDDISK         1.0  PQ: 0 ANSI: 5
[    5.968418] scsi target2:0:1: Beginning Domain Validation
[    5.994827] scsi target2:0:1: Domain Validation skipping write tests
[    6.005747] scsi target2:0:1: Ending Domain Validation
[    6.015227] scsi target2:0:1: asynchronous
[    6.048653] sd 2:0:0:0: Attached scsi generic sg0 type 0
[    6.050211] random: systemd-udevd: uninitialized urandom read (16 bytes read)
[    6.059072] sd 2:0:1:0: Attached scsi generic sg1 type 0
[    6.072792] sd 2:0:0:0: [sda] 83886080 512-byte logical blocks: (42.9 GB/40.0 GiB)
[    6.081287] random: systemd-udevd: uninitialized urandom read (16 bytes read)
[    6.096779] sd 2:0:0:0: [sda] Write Protect is off
[    6.107029] random: systemd-udevd: uninitialized urandom read (16 bytes read)
[    6.130428] sd 2:0:1:0: [sdb] 20480 512-byte logical blocks: (10.5 MB/10.0 MiB)
[    6.136825] sd 2:0:0:0: [sda] Incomplete mode parameter data
[    6.152199] sd 2:0:1:0: [sdb] Write Protect is off
[    6.161049] sd 2:0:0:0: [sda] Assuming drive cache: write through
[    6.181894] sd 2:0:1:0: [sdb] Incomplete mode parameter data
[    6.192586] sd 2:0:1:0: [sdb] Assuming drive cache: write through
[    6.211864]  sda: sda1
[    6.221638] sd 2:0:1:0: [sdb] Attached SCSI disk
[    6.231093] sd 2:0:0:0: [sda] Attached SCSI disk
Begin: Loading essential drivers ... [    9.228455] raid6: sse2x1   gen()  7225 MB/s
[    9.284859] raid6: sse2x1   xor()  5150 MB/s
[    9.340400] raid6: sse2x2   gen()  8437 MB/s
[    9.392166] raid6: sse2x2   xor()  5848 MB/s
[    9.444176] raid6: sse2x4   gen()  8812 MB/s
[    9.496821] raid6: sse2x4   xor()  6267 MB/s
[    9.505311] raid6: using algorithm sse2x4 gen() 8812 MB/s
[    9.514583] raid6: .... xor() 6267 MB/s, rmw enabled
[    9.523917] raid6: using ssse3x2 recovery algorithm
[    9.536424] xor: measuring software checksum speed
[    9.584577]    prefetch64-sse: 10436.000 MB/sec
[    9.632667]    generic_sse:  9571.000 MB/sec
[    9.640693] xor: using function: prefetch64-sse (10436.000 MB/sec)
[    9.654776] async_tx: api initialized (async)
done.
Begin: Running /scripts/init-premount ... done.
Begin: Mounting root file system ... Begin: Running /scripts/local-top ... done.
Begin: Running /scripts/local-premount ... [    9.782769] Btrfs loaded, crc32c=crc32c-intel
Scanning for Btrfs filesystems
done.
Warning: fsck not present, so skipping root file system
[    9.901445] EXT4-fs (sda1): mounted filesystem with ordered data mode. Opts: (null)
done.
Begin: Running /scripts/local-bottom ... done.
Begin: Running /scripts/init-bottom ... done.
[   10.467361] ip_tables: (C) 2000-2006 Netfilter Core Team
[   10.511170] systemd[1]: systemd 237 running in system mode. (+PAM +AUDIT +SELINUX +IMA +APPARMOR +SMACK +SYSVINIT +UTMP +LIBCRYPTSETUP +GCRYPT +GNUTLS +ACL +XZ +LZ4 +SECCOMP +BLKID +ELFUTILS +KMOD -IDN2 +IDN -PCRE2 default-hierarchy=hybrid)
[   10.544650] systemd[1]: Detected virtualization oracle.
[   10.552930] systemd[1]: Detected architecture x86-64.

Welcome to [1mUbuntu 18.04.5 LTS[0m!

[   10.621389] systemd[1]: Set hostname to <ubuntu-bionic>.
[   11.419936] systemd[1]: Reached target Swap.
[[0;32m  OK  [0m] Reached target Swap.
[   11.435344] systemd[1]: Set up automount Arbitrary Executable File Formats File System Automount Point.
[[0;32m  OK  [0m] Set up automount Arbitrary Executabâ€¦rmats File System Automount Point.
[   11.459749] systemd[1]: Reached target System Time Synchronized.
[[0;32m  OK  [0m] Reached target System Time Synchronized.
[   11.497462] systemd[1]: Created slice System Slice.
[[0;32m  OK  [0m] Created slice System Slice.
[   11.513799] systemd[1]: Listening on LVM2 poll daemon socket.
[[0;32m  OK  [0m] Listening on LVM2 poll daemon socket.
[   11.533787] systemd[1]: Listening on Journal Socket (/dev/log).
[[0;32m  OK  [0m] Listening on Journal Socket (/dev/log).
[[0;32m  OK  [0m] Listening on LVM2 metadata daemon socket.
[[0;32m  OK  [0m] Created slice system-serial\x2dgetty.slice.
[[0;32m  OK  [0m] Listening on Device-mapper event daemon FIFOs.
[[0;32m  OK  [0m] Listening on fsck to fsckd communication Socket.
[[0;32m  OK  [0m] Listening on Syslog Socket.
[[0;32m  OK  [0m] Reached target User and Group Name Lookups.
[[0;32m  OK  [0m] Listening on udev Kernel Socket.
[[0;32m  OK  [0m] Listening on Network Service Netlink Socket.
[[0;32m  OK  [0m] Listening on udev Control Socket.
[[0;32m  OK  [0m] Listening on /dev/initctl Compatibility Named Pipe.
[[0;32m  OK  [0m] Created slice User and Session Slice.
[[0;32m  OK  [0m] Reached target Slices.
[[0;32m  OK  [0m] Listening on Journal Socket.
         Starting Uncomplicated firewall...
         Starting Load Kernel Modules...
         Mounting Huge Pages File System...
         Starting File System Check on Root Device...
         Starting Monitoring of LVM2 mirrorsâ€¦ng dmeventd or progress polling...
         Starting Create list of required stâ€¦ce nodes for the current kernel...[   11.735762] Loading iSCSI transport class v2.0-870.

         Mounting POSIX Message Queue File System...
         Starting Set the console keyboard layout...
         Starting udev Coldplug all Devices...
[[0;32m  OK  [0m] Started Forward Password Requests to Wall Directory Watch.
[[0;32m  OK  [0m] Listening on Journal Audit Socket.
         Starting Journal Service...[   11.925731] iscsi: registered transport (tcp)

         Mounting Kernel Debug File System...
[[0;32m  OK  [0m] Started Uncomplicated firewall.
[[0;32m  OK  [0m] Mounted Huge Pages File System.
[[0;32m  OK  [0m] Started File System Check on Root Device.
[[0;32m  OK  [0m] Started Create list of required staâ€¦vice nodes for the current kernel.
[[0;32m  OK  [0m] Mounted POSIX Message Queue File System.
[[0;32m  OK  [0m] Mounted Kernel Debug File System.
[[0;32m  OK  [0m] Started LVM2 metadata daemon.
[[0;32m  OK  [0m] Started File System Check Daemon to report status.
         Starting Create Static Device Nodes in /dev...
         Starting Remount Root and Kernel File Systems...
[[0;32m  OK  [0m] Started Journal Service.
[   12.201269] EXT4-fs (sda1): re-mounted. Opts: (null)
[[0;32m  OK  [0m] Started Remount Root and Kernel File Systems.
[   12.237379] iscsi: registered transport (iser)
         Starting Load/Save Random Seed...
         Starting Flush Journal to Persistent Storage...
[[0;32m  OK  [0m] Started Create Static Device Nodes in /dev.
         Starting udev Kernel Device Manager...
[[0;32m  OK  [0m] Started Monitoring of LVM2 mirrors,â€¦sing dmeventd or progress polling.
[   12.323872] systemd-journald[404]: Received request to flush runtime journal from PID 1
[[0;32m  OK  [0m] Started Load/Save Random Seed.
[[0;32m  OK  [0m] Started Load Kernel Modules.
[[0;32m  OK  [0m] Started udev Coldplug all Devices.
         Mounting FUSE Control File System...
         Starting Apply Kernel Variables...
         Mounting Kernel Configuration File System...
[[0;32m  OK  [0m] Mounted FUSE Control File System.
[[0;32m  OK  [0m] Mounted Kernel Configuration File System.
[[0;32m  OK  [0m] Started Set the console keyboard layout.
[[0;32m  OK  [0m] Reached target Local File Systems (Pre).
[[0;32m  OK  [0m] Reached target Local File Systems.
         Starting ebtables ruleset management...
         Starting AppArmor initialization...
         Starting Tell Plymouth To Write Out Runtime Data...
         Starting Set console font and keymap...
[[0;32m  OK  [0m] Started Flush Journal to Persistent Storage.
         Starting Create Volatile Files and Directories...
[[0;32m  OK  [0m] Started Tell Plymouth To Write Out Runtime Data.
[[0;32m  OK  [0m] Started Set console font and keymap.
[[0;32m  OK  [0m] Started Apply Kernel Variables.
[[0;32m  OK  [0m] Started udev Kernel Device Manager.
[[0;32m  OK  [0m] Started Dispatch Password Requests to Console Directory Watch.
[[0;32m  OK  [0m] Reached target Local Encrypted Volumes.
[[0;32m  OK  [0m] Started Create Volatile Files and Directories.
         Starting Update UTMP about System Boot/Shutdown...
[[0;32m  OK  [0m] Started ebtables ruleset management.
[[0;32m  OK  [0m] Started Update UTMP about System Boot/Shutdown.
[[0;32m  OK  [0m] Started AppArmor initialization.
         Starting Load AppArmor profiles managed internally by snapd...
         Starting Initial cloud-init job (pre-networking)...
[[0;32m  OK  [0m] Started Load AppArmor profiles managed internally by snapd.
[[0;32m  OK  [0m] Found device /dev/ttyS0.
[[0;32m  OK  [0m] Listening on Load/Save RF Kill Switch Status /dev/rfkill Watch.
[   17.166089] cloud-init[512]: Cloud-init v. 21.1-19-gbad84ad4-0ubuntu1~18.04.2 running 'init-local' at Sat, 08 May 2021 23:29:27 +0000. Up 16.78 seconds.
[[0;32m  OK  [0m] Started Initial cloud-init job (pre-networking).
[[0;32m  OK  [0m] Reached target Network (Pre).
         Starting Network Service...
[[0;32m  OK  [0m] Started Network Service.
         Starting Wait for Network to be Configured...
         Starting Network Name Resolution...
[[0;32m  OK  [0m] Started Network Name Resolution.
[[0;32m  OK  [0m] Reached target Network.
[[0;32m  OK  [0m] Reached target Host and Network Name Lookups.
[[0;32m  OK  [0m] Started Wait for Network to be Configured.
         Starting Initial cloud-init job (metadata service crawler)...
[   19.547644] cloud-init[671]: Cloud-init v. 21.1-19-gbad84ad4-0ubuntu1~18.04.2 running 'init' at Sat, 08 May 2021 23:29:30 +0000. Up 19.30 seconds.
[   19.556541] cloud-init[671]: ci-info: ++++++++++++++++++++++++++++++++++++++Net device info++++++++++++++++++++++++++++++++++++++
[   19.565288] cloud-init[671]: ci-info: +--------+------+----------------------------+---------------+--------+-------------------+
[   19.573494] cloud-init[671]: ci-info: | Device |  Up  |          Address           |      Mask     | Scope  |     Hw-Address    |
[   19.582528] cloud-init[671]: ci-info: +--------+------+----------------------------+---------------+--------+-------------------+
[   19.593146] cloud-init[671]: ci-info: | enp0s3 | True |         10.0.2.15          | 255.255.255.0 | global | 02:d3:14:4d:d2:aa |
[   19.602598] cloud-init[671]: ci-info: | enp0s3 | True | fe80::d3:14ff:fe4d:d2aa/64 |       .       |  link  | 02:d3:14:4d:d2:aa |
[   19.619612] cloud-init[671]: ci-info: |   lo   | True |         127.0.0.1          |   255.0.0.0   |  host  |         .         |
[   19.636044] cloud-init[671]: ci-info: |   lo   | True |          ::1/128           |       .       |  host  |         .         |
[   19.656251] cloud-init[671]: ci-info: +--------+------+----------------------------+---------------+--------+-------------------+
[   19.673448] cloud-init[671]: ci-info: ++++++++++++++++++++++++++++Route IPv4 info+++++++++++++++++++++++++++++
[   19.693328] cloud-init[671]: ci-info: +-------+-------------+----------+-----------------+-----------+-------+
[   19.708072] cloud-init[671]: ci-info: | Route | Destination | Gateway  |     Genmask     | Interface | Flags |
[   19.722594] cloud-init[671]: ci-info: +-------+-------------+----------+-----------------+-----------+-------+
[   19.739533] cloud-init[671]: ci-info: |   0   |   0.0.0.0   | 10.0.2.2 |     0.0.0.0     |   enp0s3  |   UG  |
[   19.755377] cloud-init[671]: ci-info: |   1   |   10.0.2.0  | 0.0.0.0  |  255.255.255.0  |   enp0s3  |   U   |
[   19.768495] cloud-init[671]: ci-info: |   2   |   10.0.2.2  | 0.0.0.0  | 255.255.255.255 |   enp0s3  |   UH  |
[   19.786269] cloud-init[671]: ci-info: +-------+-------------+----------+-----------------+-----------+-------+
[   19.800970] cloud-init[671]: ci-info: +++++++++++++++++++Route IPv6 info+++++++++++++++++++
[   19.811405] cloud-init[671]: ci-info: +-------+-------------+---------+-----------+-------+
[   19.822043] cloud-init[671]: ci-info: | Route | Destination | Gateway | Interface | Flags |
[   19.833517] cloud-init[671]: ci-info: +-------+-------------+---------+-----------+-------+
[   19.845383] cloud-init[671]: ci-info: |   1   |  fe80::/64  |    ::   |   enp0s3  |   U   |
[   19.858494] cloud-init[671]: ci-info: |   3   |    local    |    ::   |   enp0s3  |   U   |
[   19.870049] cloud-init[671]: ci-info: |   4   |   ff00::/8  |    ::   |   enp0s3  |   U   |
[   19.880077] cloud-init[671]: ci-info: +-------+-------------+---------+-----------+-------+
[[0;32m  OK  [0m] Started Initial cloud-init job (metadata service crawler).
[[0;32m  OK  [0m] Reached target Cloud-config availability.
[[0;32m  OK  [0m] Reached target System Initialization.
         Starting LXD - unix socket.
[[0;32m  OK  [0m] Listening on ACPID Listen Socket.
[[0;32m  OK  [0m] Started Daily Cleanup of Temporary Directories.
[[0;32m  OK  [0m] Listening on Open-iSCSI iscsid Socket.
[[0;32m  OK  [0m] Started Discard unused blocks once a week.
         Starting Socket activation for snappy daemon.
[[0;32m  OK  [0m] Listening on D-Bus System Message Bus Socket.
[[0;32m  OK  [0m] Started ACPI Events Check.
[[0;32m  OK  [0m] Started Message of the Day.
[[0;32m  OK  [0m] Reached target Paths.
[[0;32m  OK  [0m] Started Daily apt upgrade and clean activities.
[[0;32m  OK  [0m] Reached target Timers.
[[0;32m  OK  [0m] Listening on UUID daemon activation socket.
[[0;32m  OK  [0m] Reached target Network is Online.
         Starting Availability of block devices...
[[0;32m  OK  [0m] Reached target Remote File Systems (Pre).
         Mounting /vagrant...
[[0;32m  OK  [0m] Listening on LXD - unix socket.
[[0;32m  OK  [0m] Listening on Socket activation for snappy daemon.
[[0;32m  OK  [0m] Started Availability of block devices.
[[0;32m  OK  [0m] Reached target Sockets.
[[0;32m  OK  [0m] Reached target Basic System.
[[0;32m  OK  [0m] Started Deferred execution scheduler.
[[0;32m  OK  [0m] Started FUSE filesystem for LXC.
         Starting Login Service...
         Starting LSB: Record successful boot for GRUB...
[[0;32m  OK  [0m] Started Regular background program processing daemon.
         Starting OpenBSD Secure Shell server...
         Starting Accounts Service...
         Starting Dispatcher daemon for systemd-networkd...
[[0;32m  OK  [0m] Started irqbalance daemon.
         Starting System Logging Service...
         Starting Virtualbox guest utils...
         Starting Snap Daemon...
[[0;32m  OK  [0m] Started D-Bus System Message Bus.
[[0;32m  OK  [0m] Started Login Service.
[[0;32m  OK  [0m] Started Unattended Upgrades Shutdown.
         Starting LXD - container startup/shutdown...
[[0;32m  OK  [0m] Started System Logging Service.
[[0;32m  OK  [0m] Mounted /vagrant.
[[0;32m  OK  [0m] Reached target Remote File Systems.
         Starting Permit User Sessions...
         Starting LSB: automatic crash report generation...
[[0;32m  OK  [0m] Started OpenBSD Secure Shell server.
[[0;32m  OK  [0m] Started Permit User Sessions.
         Starting Hold until boot process finishes up...
         Starting Terminate Plymouth Boot Screen...
         Starting Authorization Manager...
[[0;32m  OK  [0m] Started Hold until boot process finishes up.
         Starting Set console scheme...
[[0;32m  OK  [0m] Started Serial Getty on ttyS0.
[[0;32m  OK  [0m] Started Terminate Plymouth Boot Screen.
[[0;32m  OK  [0m] Started Set console scheme.
[[0;32m  OK  [0m] Created slice system-getty.slice.
[[0;32m  OK  [0m] Started Getty on tty1.
[[0;32m  OK  [0m] Reached target Login Prompts.
[[0;32m  OK  [0m] Started LSB: Record successful boot for GRUB.
[[0;32m  OK  [0m] Started LSB: automatic crash report generation.
[[0;32m  OK  [0m] Started Authorization Manager.
[[0;32m  OK  [0m] Started Accounts Service.
[[0;32m  OK  [0m] Started Virtualbox guest utils.
[[0;32m  OK  [0m] Started Dispatcher daemon for systemd-networkd.
[[0;32m  OK  [0m] Started LXD - container startup/shutdown.
[[0;32m  OK  [0m] Started Snap Daemon.
         Starting Wait until snapd is fully seeded...
[[0;32m  OK  [0m] Created slice User Slice of vagrant.
         Starting User Manager for UID 1000...
[[0;32m  OK  [0m] Started Session 1 of user vagrant.
[[0;32m  OK  [0m] Started Wait until snapd is fully seeded.
[[0;32m  OK  [0m] Reached target Multi-User System.
[[0;32m  OK  [0m] Reached target Graphical Interface.
         Starting Update UTMP about System Runlevel Changes...
         Starting Apply the settings specified in cloud-config...
[[0;32m  OK  [0m] Started Update UTMP about System Runlevel Changes.
[[0;32m  OK  [0m] Started User Manager for UID 1000.
[   25.281076] cloud-init[1038]: Cloud-init v. 21.1-19-gbad84ad4-0ubuntu1~18.04.2 running 'modules:config' at Sat, 08 May 2021 23:29:35 +0000. Up 24.96 seconds.
[[0;32m  OK  [0m] Started Apply the settings specified in cloud-config.
         Starting Execute cloud user/final scripts...
[   26.366362] cloud-init[1089]: Cloud-init v. 21.1-19-gbad84ad4-0ubuntu1~18.04.2 running 'modules:final' at Sat, 08 May 2021 23:29:37 +0000. Up 26.10 seconds.
[   26.385389] cloud-init[1089]: Cloud-init v. 21.1-19-gbad84ad4-0ubuntu1~18.04.2 finished at Sat, 08 May 2021 23:29:37 +0000. Datasource DataSourceNoCloud [seed=/dev/sdb][dsmode=net].  Up 26.32 seconds

Ubuntu 18.04.5 LTS ubuntu-bionic ttyS0

ubuntu-bionic login: 